
Memory Configuration

Name             Origin             Length             Attributes
*default*        0x0000000000000000 0xffffffffffffffff

Linker script and memory map

Address of section .text set to 0x0
LOAD C:\Users\dirkm\AppData\Local\Temp\hank_2021.elf.suUxJg.ltrans0.ltrans.o
LOAD C:\Users\dirkm\AppData\Local\Temp\cc3wVLzt.debug.temp.o
LOAD C:\Users\dirkm\AppData\Local\Temp\ccSpbZTz.debug.temp.o
LOAD obj/gcc8_a_support.o
LOAD obj/depacker_doynax.o
                [!provide]                        PROVIDE (__executable_start = SEGMENT_START ("text-segment", 0x80000000))
                0x0000000080000074                . = (SEGMENT_START ("text-segment", 0x80000000) + SIZEOF_HEADERS)

.interp
 *(.interp)

.note.gnu.build-id
 *(.note.gnu.build-id)

.hash
 *(.hash)

.gnu.hash
 *(.gnu.hash)

.dynsym
 *(.dynsym)

.dynstr
 *(.dynstr)

.gnu.version
 *(.gnu.version)

.gnu.version_d
 *(.gnu.version_d)

.gnu.version_r
 *(.gnu.version_r)

.rela.dyn       0x0000000080000074        0x0
 *(.rela.init)
 *(.rela.text .rela.text.* .rela.gnu.linkonce.t.*)
 *(.rela.fini)
 *(.rela.rodata .rela.rodata.* .rela.gnu.linkonce.r.*)
 *(.rela.data .rela.data.* .rela.gnu.linkonce.d.*)
 *(.rela.tdata .rela.tdata.* .rela.gnu.linkonce.td.*)
 *(.rela.tbss .rela.tbss.* .rela.gnu.linkonce.tb.*)
 *(.rela.ctors)
 *(.rela.dtors)
 *(.rela.got)
 *(.rela.bss .rela.bss.* .rela.gnu.linkonce.b.*)
                [!provide]                        PROVIDE (__rela_iplt_start = .)
 *(.rela.iplt)
                [!provide]                        PROVIDE (__rela_iplt_end = .)

.rela.plt
 *(.rela.plt)

.init
 *(SORT_NONE(.init))

.plt
 *(.plt)

.iplt
 *(.iplt)

.text           0x0000000000000000     0x3cc6
 *(.text.unlikely .text.*_unlikely .text.unlikely.*)
 .text.unlikely
                0x0000000000000000       0x8c C:\Users\dirkm\AppData\Local\Temp\hank_2021.elf.suUxJg.ltrans0.ltrans.o
                0x0000000000000000                _start
 *(.text.exit .text.exit.*)
 *(.text.startup .text.startup.*)
 *(.text.hot .text.hot.*)
 *(SORT_BY_NAME(.text.sorted.*))
 *(.text .stub .text.* .gnu.linkonce.t.*)
 .text          0x000000000000008c     0x3a5c C:\Users\dirkm\AppData\Local\Temp\hank_2021.elf.suUxJg.ltrans0.ltrans.o
                0x00000000000035b8                main
                0x0000000000003a52                strlen
                0x0000000000003a62                memset
                0x0000000000003a84                memcpy
                0x0000000000003aa6                memmove
 .text          0x0000000000003ae8      0x10c obj/gcc8_a_support.o
                0x0000000000003ae8                __mulsi3
                0x0000000000003b0a                __udivsi3
                0x0000000000003b66                __divsi3
                0x0000000000003b90                __modsi3
                0x0000000000003bb8                __umodsi3
                0x0000000000003be2                KPutCharX
                0x0000000000003bf0                PutChar
 .text          0x0000000000003bf4       0xd2 obj/depacker_doynax.o
                0x0000000000003bf4                _doynaxdepack_asm
 *(.gnu.warning)

.fini
 *(SORT_NONE(.fini))
                [!provide]                        PROVIDE (__etext = .)
                [!provide]                        PROVIDE (_etext = .)
                [!provide]                        PROVIDE (etext = .)

.rodata         0x0000000000003cc6     0x22ba
 *(.rodata .rodata.* .gnu.linkonce.r.*)
 .rodata        0x0000000000003cc6     0x22ba C:\Users\dirkm\AppData\Local\Temp\hank_2021.elf.suUxJg.ltrans0.ltrans.o
                0x0000000000003cc6                incbin_P61_Player_start
                0x000000000000562c                incbin_P61_Player_end

.rodata1
 *(.rodata1)

.eh_frame_hdr
 *(.eh_frame_hdr)
 *(.eh_frame_entry .eh_frame_entry.*)

.eh_frame
 *(.eh_frame)
 *(.eh_frame.*)

.gcc_except_table
 *(.gcc_except_table .gcc_except_table.*)

.gnu_extab
 *(.gnu_extab*)

.exception_ranges
 *(.exception_ranges*)
                0x0000000000006000                . = DATA_SEGMENT_ALIGN (CONSTANT (MAXPAGESIZE), CONSTANT (COMMONPAGESIZE))

.eh_frame
 *(.eh_frame)
 *(.eh_frame.*)

.gnu_extab
 *(.gnu_extab)

.gcc_except_table
 *(.gcc_except_table .gcc_except_table.*)

.exception_ranges
 *(.exception_ranges*)

.tdata          0x0000000000006000        0x0
                [!provide]                        PROVIDE (__tdata_start = .)
 *(.tdata .tdata.* .gnu.linkonce.td.*)

.tbss
 *(.tbss .tbss.* .gnu.linkonce.tb.*)
 *(.tcommon)

.preinit_array  0x0000000000006000        0x0
                0x0000000000006000                PROVIDE (__preinit_array_start = .)
 *(.preinit_array)
                0x0000000000006000                PROVIDE (__preinit_array_end = .)

.init_array     0x0000000000006000        0x0
                0x0000000000006000                PROVIDE (__init_array_start = .)
 *(SORT_BY_INIT_PRIORITY(.init_array.*) SORT_BY_INIT_PRIORITY(.ctors.*))
 *(.init_array EXCLUDE_FILE(*crtend?.o *crtend.o *crtbegin?.o *crtbegin.o) .ctors)
                0x0000000000006000                PROVIDE (__init_array_end = .)

.fini_array     0x0000000000006000        0x0
                0x0000000000006000                PROVIDE (__fini_array_start = .)
 *(SORT_BY_INIT_PRIORITY(.fini_array.*) SORT_BY_INIT_PRIORITY(.dtors.*))
 *(.fini_array EXCLUDE_FILE(*crtend?.o *crtend.o *crtbegin?.o *crtbegin.o) .dtors)
                0x0000000000006000                PROVIDE (__fini_array_end = .)

.ctors
 *crtbegin.o(.ctors)
 *crtbegin?.o(.ctors)
 *(EXCLUDE_FILE(*crtend?.o *crtend.o) .ctors)
 *(SORT_BY_NAME(.ctors.*))
 *(.ctors)

.dtors
 *crtbegin.o(.dtors)
 *crtbegin?.o(.dtors)
 *(EXCLUDE_FILE(*crtend?.o *crtend.o) .dtors)
 *(SORT_BY_NAME(.dtors.*))
 *(.dtors)

.jcr
 *(.jcr)

.data.rel.ro
 *(.data.rel.ro.local* .gnu.linkonce.d.rel.ro.local.*)
 *(.data.rel.ro .data.rel.ro.* .gnu.linkonce.d.rel.ro.*)

.dynamic
 *(.dynamic)
                0x0000000000006000                . = DATA_SEGMENT_RELRO_END (., 0x0)

.got
 *(.got.plt)
 *(.igot.plt)
 *(.got)
 *(.igot)

.data           0x0000000000006000       0xd4
 *(.data .data.* .gnu.linkonce.d.*)
 .data          0x0000000000006000       0xd2 C:\Users\dirkm\AppData\Local\Temp\hank_2021.elf.suUxJg.ltrans0.ltrans.o
 *fill*         0x00000000000060d2        0x2 
 .data          0x00000000000060d4        0x0 obj/gcc8_a_support.o
 .data          0x00000000000060d4        0x0 obj/depacker_doynax.o

.INCBIN.MEMF_CHIP
                0x00000000000060d4    0x3c781
 .INCBIN.MEMF_CHIP
                0x00000000000060d4    0x3c781 C:\Users\dirkm\AppData\Local\Temp\hank_2021.elf.suUxJg.ltrans0.ltrans.o
                0x00000000000060d4                incbin_BmpMuerteP_start
                0x00000000000128d4                incbin_BmpMuerteP_end
                0x00000000000128d6                incbin_BmpLogoP_start
                0x0000000000015996                incbin_BmpLogoP_end
                0x0000000000015998                incbin_BmpLogo2P_start
                0x0000000000018a58                incbin_BmpLogo2P_end
                0x0000000000018a5a                incbin_BmpLogo3P_start
                0x000000000001bb1a                incbin_BmpLogo3P_end
                0x000000000001bb1c                incbin_BmpLogo4P_start
                0x000000000001ebdc                incbin_BmpLogo4P_end
                0x000000000001ebde                incbin_BmpFont32P_start
                0x00000000000263de                incbin_BmpFont32P_end
                0x00000000000263e0                incbin_BmpCookieP_start
                0x000000000002dbe0                incbin_BmpCookieP_end
                0x000000000002dbe2                incbin_BmpCookieMaskP_start
                0x00000000000353e2                incbin_BmpCookieMaskP_end
                0x00000000000353e4                incbin_module_start
                0x0000000000042854                incbin_module_end

tut.MEMF_CHIP   0x0000000000042856      0x5e4
 tut.MEMF_CHIP  0x0000000000042856      0x5e4 C:\Users\dirkm\AppData\Local\Temp\hank_2021.elf.suUxJg.ltrans0.ltrans.o

.data1
 *(.data1)
                0x0000000000042e3a                _edata = .
                [!provide]                        PROVIDE (edata = .)
                0x0000000000042e3a                . = .
                0x0000000000042e3a                __bss_start = .

.bss            0x0000000000042e3c      0x2e0
 *(.dynbss)
 *(.bss .bss.* .gnu.linkonce.b.*)
 .bss           0x0000000000042e3c      0x2e0 C:\Users\dirkm\AppData\Local\Temp\hank_2021.elf.suUxJg.ltrans0.ltrans.o
 .bss           0x000000000004311c        0x0 obj/gcc8_a_support.o
 .bss           0x000000000004311c        0x0 obj/depacker_doynax.o
 *(COMMON)
                0x000000000004311c                . = ALIGN ((. != 0x0)?0x4:0x1)
                0x000000000004311c                . = ALIGN (0x4)
                0x000000000004311c                . = SEGMENT_START ("ldata-segment", .)
                0x000000000004311c                . = ALIGN (0x4)
                0x000000000004311c                _end = .
                [!provide]                        PROVIDE (end = .)
                0x000000000004311c                . = DATA_SEGMENT_END (.)

.stab
 *(.stab)

.stabstr
 *(.stabstr)

.stab.excl
 *(.stab.excl)

.stab.exclstr
 *(.stab.exclstr)

.stab.index
 *(.stab.index)

.stab.indexstr
 *(.stab.indexstr)

.comment        0x0000000000000000       0x12
 *(.comment)
 .comment       0x0000000000000000       0x12 C:\Users\dirkm\AppData\Local\Temp\hank_2021.elf.suUxJg.ltrans0.ltrans.o
                                         0x13 (size before relaxing)
 .comment       0x0000000000000012       0x13 C:\Users\dirkm\AppData\Local\Temp\cc3wVLzt.debug.temp.o
 .comment       0x0000000000000012       0x13 C:\Users\dirkm\AppData\Local\Temp\ccSpbZTz.debug.temp.o

.gnu.build.attributes
 *(.gnu.build.attributes .gnu.build.attributes.*)

.debug
 *(.debug)

.line
 *(.line)

.debug_srcinfo
 *(.debug_srcinfo)

.debug_sfnames
 *(.debug_sfnames)

.debug_aranges  0x0000000000000000       0x68
 *(.debug_aranges)
 .debug_aranges
                0x0000000000000000       0x28 C:\Users\dirkm\AppData\Local\Temp\hank_2021.elf.suUxJg.ltrans0.ltrans.o
 .debug_aranges
                0x0000000000000028       0x20 obj/gcc8_a_support.o
 .debug_aranges
                0x0000000000000048       0x20 obj/depacker_doynax.o

.debug_pubnames
 *(.debug_pubnames)

.debug_info     0x0000000000000000     0x8e9a
 *(.debug_info .gnu.linkonce.wi.*)
 .debug_info    0x0000000000000000     0x2591 C:\Users\dirkm\AppData\Local\Temp\hank_2021.elf.suUxJg.ltrans0.ltrans.o
 .debug_info    0x0000000000002591     0x5c0a C:\Users\dirkm\AppData\Local\Temp\cc3wVLzt.debug.temp.o
                0x0000000000002591                main.c.218e3a6b
 .debug_info    0x000000000000819b      0xcb3 C:\Users\dirkm\AppData\Local\Temp\ccSpbZTz.debug.temp.o
                0x000000000000819b                gcc8_c_support.c.cf7a2c2b
 .debug_info    0x0000000000008e4e       0x26 obj/gcc8_a_support.o
 .debug_info    0x0000000000008e74       0x26 obj/depacker_doynax.o

.debug_abbrev   0x0000000000000000      0x65c
 *(.debug_abbrev)
 .debug_abbrev  0x0000000000000000      0x144 C:\Users\dirkm\AppData\Local\Temp\hank_2021.elf.suUxJg.ltrans0.ltrans.o
 .debug_abbrev  0x0000000000000144      0x321 C:\Users\dirkm\AppData\Local\Temp\cc3wVLzt.debug.temp.o
 .debug_abbrev  0x0000000000000465      0x1cf C:\Users\dirkm\AppData\Local\Temp\ccSpbZTz.debug.temp.o
 .debug_abbrev  0x0000000000000634       0x14 obj/gcc8_a_support.o
 .debug_abbrev  0x0000000000000648       0x14 obj/depacker_doynax.o

.debug_line     0x0000000000000000     0x7840
 *(.debug_line .debug_line.* .debug_line_end)
 .debug_line    0x0000000000000000     0x705c C:\Users\dirkm\AppData\Local\Temp\hank_2021.elf.suUxJg.ltrans0.ltrans.o
 .debug_line    0x000000000000705c      0x4e5 C:\Users\dirkm\AppData\Local\Temp\cc3wVLzt.debug.temp.o
 .debug_line    0x0000000000007541      0x15f C:\Users\dirkm\AppData\Local\Temp\ccSpbZTz.debug.temp.o
 .debug_line    0x00000000000076a0       0xe1 obj/gcc8_a_support.o
 .debug_line    0x0000000000007781       0xbf obj/depacker_doynax.o

.debug_frame    0x0000000000000000     0x180c
 *(.debug_frame)
 .debug_frame   0x0000000000000000     0x1740 C:\Users\dirkm\AppData\Local\Temp\hank_2021.elf.suUxJg.ltrans0.ltrans.o
 .debug_frame   0x0000000000001740       0xcc obj/gcc8_a_support.o

.debug_str      0x0000000000000000      0x33e
 *(.debug_str)
 .debug_str     0x0000000000000000       0x12 C:\Users\dirkm\AppData\Local\Temp\hank_2021.elf.suUxJg.ltrans0.ltrans.o
 .debug_str     0x0000000000000012      0x1ef C:\Users\dirkm\AppData\Local\Temp\cc3wVLzt.debug.temp.o
 .debug_str     0x0000000000000201       0x80 C:\Users\dirkm\AppData\Local\Temp\ccSpbZTz.debug.temp.o
 .debug_str     0x0000000000000281       0x7a obj/gcc8_a_support.o
 .debug_str     0x00000000000002fb       0x43 obj/depacker_doynax.o
                                         0x7b (size before relaxing)

.debug_loc      0x0000000000000000     0x2867
 *(.debug_loc)
 .debug_loc     0x0000000000000000     0x2867 C:\Users\dirkm\AppData\Local\Temp\hank_2021.elf.suUxJg.ltrans0.ltrans.o

.debug_macinfo
 *(.debug_macinfo)

.debug_weaknames
 *(.debug_weaknames)

.debug_funcnames
 *(.debug_funcnames)

.debug_typenames
 *(.debug_typenames)

.debug_varnames
 *(.debug_varnames)

.debug_pubtypes
 *(.debug_pubtypes)

.debug_ranges   0x0000000000000000      0x230
 *(.debug_ranges)
 .debug_ranges  0x0000000000000000      0x230 C:\Users\dirkm\AppData\Local\Temp\hank_2021.elf.suUxJg.ltrans0.ltrans.o

.debug_macro
 *(.debug_macro)

.debug_addr
 *(.debug_addr)

.gnu.attributes
 *(.gnu.attributes)

/DISCARD/
 *(.note.GNU-stack)
 *(.gnu_debuglink)
 *(.gnu.lto_*)
OUTPUT(bin/hank_2021.elf elf32-m68k)
