
Memory Configuration

Name             Origin             Length             Attributes
*default*        0x0000000000000000 0xffffffffffffffff

Linker script and memory map

Address of section .text set to 0x0
LOAD C:\Users\dirkm\AppData\Local\Temp\hank_2021.elf.EQIm7h.ltrans0.ltrans.o
LOAD C:\Users\dirkm\AppData\Local\Temp\ccU6JaOK.debug.temp.o
LOAD C:\Users\dirkm\AppData\Local\Temp\ccwvrPG5.debug.temp.o
LOAD obj/gcc8_a_support.o
LOAD obj/depacker_doynax.o
                [!provide]                        PROVIDE (__executable_start = SEGMENT_START ("text-segment", 0x80000000))
                0x0000000080000074                . = (SEGMENT_START ("text-segment", 0x80000000) + SIZEOF_HEADERS)

.interp
 *(.interp)

.note.gnu.build-id
 *(.note.gnu.build-id)

.hash
 *(.hash)

.gnu.hash
 *(.gnu.hash)

.dynsym
 *(.dynsym)

.dynstr
 *(.dynstr)

.gnu.version
 *(.gnu.version)

.gnu.version_d
 *(.gnu.version_d)

.gnu.version_r
 *(.gnu.version_r)

.rela.dyn       0x0000000080000074        0x0
 *(.rela.init)
 *(.rela.text .rela.text.* .rela.gnu.linkonce.t.*)
 *(.rela.fini)
 *(.rela.rodata .rela.rodata.* .rela.gnu.linkonce.r.*)
 *(.rela.data .rela.data.* .rela.gnu.linkonce.d.*)
 *(.rela.tdata .rela.tdata.* .rela.gnu.linkonce.td.*)
 *(.rela.tbss .rela.tbss.* .rela.gnu.linkonce.tb.*)
 *(.rela.ctors)
 *(.rela.dtors)
 *(.rela.got)
 *(.rela.bss .rela.bss.* .rela.gnu.linkonce.b.*)
                [!provide]                        PROVIDE (__rela_iplt_start = .)
 *(.rela.iplt)
                [!provide]                        PROVIDE (__rela_iplt_end = .)

.rela.plt
 *(.rela.plt)

.init
 *(SORT_NONE(.init))

.plt
 *(.plt)

.iplt
 *(.iplt)

.text           0x0000000000000000     0x1f36
 *(.text.unlikely .text.*_unlikely .text.unlikely.*)
 .text.unlikely
                0x0000000000000000       0x74 C:\Users\dirkm\AppData\Local\Temp\hank_2021.elf.EQIm7h.ltrans0.ltrans.o
                0x0000000000000000                _start
 *(.text.exit .text.exit.*)
 *(.text.startup .text.startup.*)
 .text.startup  0x0000000000000074     0x186e C:\Users\dirkm\AppData\Local\Temp\hank_2021.elf.EQIm7h.ltrans0.ltrans.o
                0x0000000000000074                main
 *(.text.hot .text.hot.*)
 *(SORT_BY_NAME(.text.sorted.*))
 *(.text .stub .text.* .gnu.linkonce.t.*)
 *fill*         0x00000000000018e2        0x2 4e714e71
 .text          0x00000000000018e4      0x474 C:\Users\dirkm\AppData\Local\Temp\hank_2021.elf.EQIm7h.ltrans0.ltrans.o
                0x0000000000001b32                strlen
                0x0000000000001b46                memset
                0x0000000000001c14                memcpy
                0x0000000000001ca0                memmove
 .text          0x0000000000001d58      0x10c obj/gcc8_a_support.o
                0x0000000000001d58                __mulsi3
                0x0000000000001d7a                __udivsi3
                0x0000000000001dd6                __divsi3
                0x0000000000001e00                __modsi3
                0x0000000000001e28                __umodsi3
                0x0000000000001e52                KPutCharX
                0x0000000000001e60                PutChar
 .text          0x0000000000001e64       0xd2 obj/depacker_doynax.o
                0x0000000000001e64                _doynaxdepack_asm
 *(.gnu.warning)

.fini
 *(SORT_NONE(.fini))
                [!provide]                        PROVIDE (__etext = .)
                [!provide]                        PROVIDE (_etext = .)
                [!provide]                        PROVIDE (etext = .)

.rodata         0x0000000000001f36     0x1bfd
 *(.rodata .rodata.* .gnu.linkonce.r.*)
 .rodata        0x0000000000001f36     0x1bfd C:\Users\dirkm\AppData\Local\Temp\hank_2021.elf.EQIm7h.ltrans0.ltrans.o
                0x0000000000001f36                incbin_P61_Player_start
                0x000000000000389c                incbin_P61_Player_end

.rodata1
 *(.rodata1)

.eh_frame_hdr
 *(.eh_frame_hdr)
 *(.eh_frame_entry .eh_frame_entry.*)

.eh_frame
 *(.eh_frame)
 *(.eh_frame.*)

.gcc_except_table
 *(.gcc_except_table .gcc_except_table.*)

.gnu_extab
 *(.gnu_extab*)

.exception_ranges
 *(.exception_ranges*)
                0x0000000000004000                . = DATA_SEGMENT_ALIGN (CONSTANT (MAXPAGESIZE), CONSTANT (COMMONPAGESIZE))

.eh_frame
 *(.eh_frame)
 *(.eh_frame.*)

.gnu_extab
 *(.gnu_extab)

.gcc_except_table
 *(.gcc_except_table .gcc_except_table.*)

.exception_ranges
 *(.exception_ranges*)

.tdata          0x0000000000004000        0x0
                [!provide]                        PROVIDE (__tdata_start = .)
 *(.tdata .tdata.* .gnu.linkonce.td.*)

.tbss
 *(.tbss .tbss.* .gnu.linkonce.tb.*)
 *(.tcommon)

.preinit_array  0x0000000000004000        0x0
                0x0000000000004000                PROVIDE (__preinit_array_start = .)
 *(.preinit_array)
                0x0000000000004000                PROVIDE (__preinit_array_end = .)

.init_array     0x0000000000004000        0x0
                0x0000000000004000                PROVIDE (__init_array_start = .)
 *(SORT_BY_INIT_PRIORITY(.init_array.*) SORT_BY_INIT_PRIORITY(.ctors.*))
 *(.init_array EXCLUDE_FILE(*crtend?.o *crtend.o *crtbegin?.o *crtbegin.o) .ctors)
                0x0000000000004000                PROVIDE (__init_array_end = .)

.fini_array     0x0000000000004000        0x0
                0x0000000000004000                PROVIDE (__fini_array_start = .)
 *(SORT_BY_INIT_PRIORITY(.fini_array.*) SORT_BY_INIT_PRIORITY(.dtors.*))
 *(.fini_array EXCLUDE_FILE(*crtend?.o *crtend.o *crtbegin?.o *crtbegin.o) .dtors)
                0x0000000000004000                PROVIDE (__fini_array_end = .)

.ctors
 *crtbegin.o(.ctors)
 *crtbegin?.o(.ctors)
 *(EXCLUDE_FILE(*crtend?.o *crtend.o) .ctors)
 *(SORT_BY_NAME(.ctors.*))
 *(.ctors)

.dtors
 *crtbegin.o(.dtors)
 *crtbegin?.o(.dtors)
 *(EXCLUDE_FILE(*crtend?.o *crtend.o) .dtors)
 *(SORT_BY_NAME(.dtors.*))
 *(.dtors)

.jcr
 *(.jcr)

.data.rel.ro
 *(.data.rel.ro.local* .gnu.linkonce.d.rel.ro.local.*)
 *(.data.rel.ro .data.rel.ro.* .gnu.linkonce.d.rel.ro.*)

.dynamic
 *(.dynamic)
                0x0000000000004000                . = DATA_SEGMENT_RELRO_END (., 0x0)

.got
 *(.got.plt)
 *(.igot.plt)
 *(.got)
 *(.igot)

.data           0x0000000000004000        0x4
 *(.data .data.* .gnu.linkonce.d.*)
 .data          0x0000000000004000        0x3 C:\Users\dirkm\AppData\Local\Temp\hank_2021.elf.EQIm7h.ltrans0.ltrans.o
 *fill*         0x0000000000004003        0x1 
 .data          0x0000000000004004        0x0 obj/gcc8_a_support.o
 .data          0x0000000000004004        0x0 obj/depacker_doynax.o

.INCBIN.MEMF_CHIP
                0x0000000000004004    0x1d3cb
 .INCBIN.MEMF_CHIP
                0x0000000000004004    0x1d3cb C:\Users\dirkm\AppData\Local\Temp\hank_2021.elf.EQIm7h.ltrans0.ltrans.o
                0x0000000000004004                incbin_BmpLogoP_start
                0x00000000000070c4                incbin_BmpLogoP_end
                0x00000000000070c6                incbin_BmpFont32P_start
                0x000000000000e8c6                incbin_BmpFont32P_end
                0x000000000000e8c8                incbin_BmpCookieP_start
                0x00000000000160c8                incbin_BmpCookieP_end
                0x00000000000160ca                incbin_BmpCookieMaskP_start
                0x000000000001d8ca                incbin_BmpCookieMaskP_end
                0x000000000001d8cc                incbin_module_start
                0x00000000000213ce                incbin_module_end

.data1
 *(.data1)
                0x00000000000213cf                _edata = .
                [!provide]                        PROVIDE (edata = .)
                0x00000000000213cf                . = .
                0x00000000000213cf                __bss_start = .

.bss            0x00000000000213d0      0x20c
 *(.dynbss)
 *(.bss .bss.* .gnu.linkonce.b.*)
 .bss           0x00000000000213d0      0x20c C:\Users\dirkm\AppData\Local\Temp\hank_2021.elf.EQIm7h.ltrans0.ltrans.o
 .bss           0x00000000000215dc        0x0 obj/gcc8_a_support.o
 .bss           0x00000000000215dc        0x0 obj/depacker_doynax.o
 *(COMMON)
                0x00000000000215dc                . = ALIGN ((. != 0x0)?0x4:0x1)
                0x00000000000215dc                . = ALIGN (0x4)
                0x00000000000215dc                . = SEGMENT_START ("ldata-segment", .)
                0x00000000000215dc                . = ALIGN (0x4)
                0x00000000000215dc                _end = .
                [!provide]                        PROVIDE (end = .)
                0x00000000000215dc                . = DATA_SEGMENT_END (.)

.stab
 *(.stab)

.stabstr
 *(.stabstr)

.stab.excl
 *(.stab.excl)

.stab.exclstr
 *(.stab.exclstr)

.stab.index
 *(.stab.index)

.stab.indexstr
 *(.stab.indexstr)

.comment        0x0000000000000000       0x12
 *(.comment)
 .comment       0x0000000000000000       0x12 C:\Users\dirkm\AppData\Local\Temp\hank_2021.elf.EQIm7h.ltrans0.ltrans.o
                                         0x13 (size before relaxing)
 .comment       0x0000000000000012       0x13 C:\Users\dirkm\AppData\Local\Temp\ccU6JaOK.debug.temp.o
 .comment       0x0000000000000012       0x13 C:\Users\dirkm\AppData\Local\Temp\ccwvrPG5.debug.temp.o

.gnu.build.attributes
 *(.gnu.build.attributes .gnu.build.attributes.*)

.debug
 *(.debug)

.line
 *(.line)

.debug_srcinfo
 *(.debug_srcinfo)

.debug_sfnames
 *(.debug_sfnames)

.debug_aranges  0x0000000000000000       0x70
 *(.debug_aranges)
 .debug_aranges
                0x0000000000000000       0x30 C:\Users\dirkm\AppData\Local\Temp\hank_2021.elf.EQIm7h.ltrans0.ltrans.o
 .debug_aranges
                0x0000000000000030       0x20 obj/gcc8_a_support.o
 .debug_aranges
                0x0000000000000050       0x20 obj/depacker_doynax.o

.debug_pubnames
 *(.debug_pubnames)

.debug_info     0x0000000000000000     0x7e52
 *(.debug_info .gnu.linkonce.wi.*)
 .debug_info    0x0000000000000000     0x1c42 C:\Users\dirkm\AppData\Local\Temp\hank_2021.elf.EQIm7h.ltrans0.ltrans.o
 .debug_info    0x0000000000001c42     0x550e C:\Users\dirkm\AppData\Local\Temp\ccU6JaOK.debug.temp.o
                0x0000000000001c42                main.c.a985ab74
 .debug_info    0x0000000000007150      0xcb6 C:\Users\dirkm\AppData\Local\Temp\ccwvrPG5.debug.temp.o
                0x0000000000007150                gcc8_c_support.c.cf7a2c2b
 .debug_info    0x0000000000007e06       0x26 obj/gcc8_a_support.o
 .debug_info    0x0000000000007e2c       0x26 obj/depacker_doynax.o

.debug_abbrev   0x0000000000000000      0x6d3
 *(.debug_abbrev)
 .debug_abbrev  0x0000000000000000      0x1bb C:\Users\dirkm\AppData\Local\Temp\hank_2021.elf.EQIm7h.ltrans0.ltrans.o
 .debug_abbrev  0x00000000000001bb      0x321 C:\Users\dirkm\AppData\Local\Temp\ccU6JaOK.debug.temp.o
 .debug_abbrev  0x00000000000004dc      0x1cf C:\Users\dirkm\AppData\Local\Temp\ccwvrPG5.debug.temp.o
 .debug_abbrev  0x00000000000006ab       0x14 obj/gcc8_a_support.o
 .debug_abbrev  0x00000000000006bf       0x14 obj/depacker_doynax.o

.debug_line     0x0000000000000000     0x6181
 *(.debug_line .debug_line.* .debug_line_end)
 .debug_line    0x0000000000000000     0x599d C:\Users\dirkm\AppData\Local\Temp\hank_2021.elf.EQIm7h.ltrans0.ltrans.o
 .debug_line    0x000000000000599d      0x4e5 C:\Users\dirkm\AppData\Local\Temp\ccU6JaOK.debug.temp.o
 .debug_line    0x0000000000005e82      0x15f C:\Users\dirkm\AppData\Local\Temp\ccwvrPG5.debug.temp.o
 .debug_line    0x0000000000005fe1       0xe1 obj/gcc8_a_support.o
 .debug_line    0x00000000000060c2       0xbf obj/depacker_doynax.o

.debug_frame    0x0000000000000000      0x560
 *(.debug_frame)
 .debug_frame   0x0000000000000000      0x494 C:\Users\dirkm\AppData\Local\Temp\hank_2021.elf.EQIm7h.ltrans0.ltrans.o
 .debug_frame   0x0000000000000494       0xcc obj/gcc8_a_support.o

.debug_str      0x0000000000000000      0x31b
 *(.debug_str)
 .debug_str     0x0000000000000000       0x12 C:\Users\dirkm\AppData\Local\Temp\hank_2021.elf.EQIm7h.ltrans0.ltrans.o
 .debug_str     0x0000000000000012      0x1cc C:\Users\dirkm\AppData\Local\Temp\ccU6JaOK.debug.temp.o
 .debug_str     0x00000000000001de       0x80 C:\Users\dirkm\AppData\Local\Temp\ccwvrPG5.debug.temp.o
 .debug_str     0x000000000000025e       0x7a obj/gcc8_a_support.o
 .debug_str     0x00000000000002d8       0x43 obj/depacker_doynax.o
                                         0x7b (size before relaxing)

.debug_loc      0x0000000000000000     0x3604
 *(.debug_loc)
 .debug_loc     0x0000000000000000     0x3604 C:\Users\dirkm\AppData\Local\Temp\hank_2021.elf.EQIm7h.ltrans0.ltrans.o

.debug_macinfo
 *(.debug_macinfo)

.debug_weaknames
 *(.debug_weaknames)

.debug_funcnames
 *(.debug_funcnames)

.debug_typenames
 *(.debug_typenames)

.debug_varnames
 *(.debug_varnames)

.debug_pubtypes
 *(.debug_pubtypes)

.debug_ranges   0x0000000000000000      0x388
 *(.debug_ranges)
 .debug_ranges  0x0000000000000000      0x388 C:\Users\dirkm\AppData\Local\Temp\hank_2021.elf.EQIm7h.ltrans0.ltrans.o

.debug_macro
 *(.debug_macro)

.debug_addr
 *(.debug_addr)

.gnu.attributes
 *(.gnu.attributes)

/DISCARD/
 *(.note.GNU-stack)
 *(.gnu_debuglink)
 *(.gnu.lto_*)
OUTPUT(bin/hank_2021.elf elf32-m68k)
