
Memory Configuration

Name             Origin             Length             Attributes
*default*        0x0000000000000000 0xffffffffffffffff

Linker script and memory map

Address of section .text set to 0x0
LOAD C:\Users\dirkm\AppData\Local\Temp\hank_2021.elf.APE1oJ.ltrans0.ltrans.o
LOAD C:\Users\dirkm\AppData\Local\Temp\ccGAtWPW.debug.temp.o
LOAD C:\Users\dirkm\AppData\Local\Temp\cccXcn6A.debug.temp.o
LOAD obj/gcc8_a_support.o
LOAD obj/depacker_doynax.o
                [!provide]                        PROVIDE (__executable_start = SEGMENT_START ("text-segment", 0x80000000))
                0x0000000080000074                . = (SEGMENT_START ("text-segment", 0x80000000) + SIZEOF_HEADERS)

.interp
 *(.interp)

.note.gnu.build-id
 *(.note.gnu.build-id)

.hash
 *(.hash)

.gnu.hash
 *(.gnu.hash)

.dynsym
 *(.dynsym)

.dynstr
 *(.dynstr)

.gnu.version
 *(.gnu.version)

.gnu.version_d
 *(.gnu.version_d)

.gnu.version_r
 *(.gnu.version_r)

.rela.dyn       0x0000000080000074        0x0
 *(.rela.init)
 *(.rela.text .rela.text.* .rela.gnu.linkonce.t.*)
 *(.rela.fini)
 *(.rela.rodata .rela.rodata.* .rela.gnu.linkonce.r.*)
 *(.rela.data .rela.data.* .rela.gnu.linkonce.d.*)
 *(.rela.tdata .rela.tdata.* .rela.gnu.linkonce.td.*)
 *(.rela.tbss .rela.tbss.* .rela.gnu.linkonce.tb.*)
 *(.rela.ctors)
 *(.rela.dtors)
 *(.rela.got)
 *(.rela.bss .rela.bss.* .rela.gnu.linkonce.b.*)
                [!provide]                        PROVIDE (__rela_iplt_start = .)
 *(.rela.iplt)
                [!provide]                        PROVIDE (__rela_iplt_end = .)

.rela.plt
 *(.rela.plt)

.init
 *(SORT_NONE(.init))

.plt
 *(.plt)

.iplt
 *(.iplt)

.text           0x0000000000000000     0x2ae2
 *(.text.unlikely .text.*_unlikely .text.unlikely.*)
 .text.unlikely
                0x0000000000000000       0x8c C:\Users\dirkm\AppData\Local\Temp\hank_2021.elf.APE1oJ.ltrans0.ltrans.o
                0x0000000000000000                _start
 *(.text.exit .text.exit.*)
 *(.text.startup .text.startup.*)
 *(.text.hot .text.hot.*)
 *(SORT_BY_NAME(.text.sorted.*))
 *(.text .stub .text.* .gnu.linkonce.t.*)
 .text          0x000000000000008c     0x2878 C:\Users\dirkm\AppData\Local\Temp\hank_2021.elf.APE1oJ.ltrans0.ltrans.o
                0x00000000000024a4                main
                0x000000000000286e                strlen
                0x000000000000287e                memset
                0x00000000000028a0                memcpy
                0x00000000000028c2                memmove
 .text          0x0000000000002904      0x10c obj/gcc8_a_support.o
                0x0000000000002904                __mulsi3
                0x0000000000002926                __udivsi3
                0x0000000000002982                __divsi3
                0x00000000000029ac                __modsi3
                0x00000000000029d4                __umodsi3
                0x00000000000029fe                KPutCharX
                0x0000000000002a0c                PutChar
 .text          0x0000000000002a10       0xd2 obj/depacker_doynax.o
                0x0000000000002a10                _doynaxdepack_asm
 *(.gnu.warning)

.fini
 *(SORT_NONE(.fini))
                [!provide]                        PROVIDE (__etext = .)
                [!provide]                        PROVIDE (_etext = .)
                [!provide]                        PROVIDE (etext = .)

.rodata         0x0000000000002ae2     0x2044
 *(.rodata .rodata.* .gnu.linkonce.r.*)
 .rodata        0x0000000000002ae2     0x2044 C:\Users\dirkm\AppData\Local\Temp\hank_2021.elf.APE1oJ.ltrans0.ltrans.o
                0x0000000000002ae2                incbin_P61_Player_start
                0x0000000000004448                incbin_P61_Player_end

.rodata1
 *(.rodata1)

.eh_frame_hdr
 *(.eh_frame_hdr)
 *(.eh_frame_entry .eh_frame_entry.*)

.eh_frame
 *(.eh_frame)
 *(.eh_frame.*)

.gcc_except_table
 *(.gcc_except_table .gcc_except_table.*)

.gnu_extab
 *(.gnu_extab*)

.exception_ranges
 *(.exception_ranges*)
                0x0000000000006b26                . = DATA_SEGMENT_ALIGN (CONSTANT (MAXPAGESIZE), CONSTANT (COMMONPAGESIZE))

.eh_frame
 *(.eh_frame)
 *(.eh_frame.*)

.gnu_extab
 *(.gnu_extab)

.gcc_except_table
 *(.gcc_except_table .gcc_except_table.*)

.exception_ranges
 *(.exception_ranges*)

.tdata          0x0000000000006b26        0x0
                [!provide]                        PROVIDE (__tdata_start = .)
 *(.tdata .tdata.* .gnu.linkonce.td.*)

.tbss
 *(.tbss .tbss.* .gnu.linkonce.tb.*)
 *(.tcommon)

.preinit_array  0x0000000000006b26        0x0
                0x0000000000006b26                PROVIDE (__preinit_array_start = .)
 *(.preinit_array)
                0x0000000000006b26                PROVIDE (__preinit_array_end = .)

.init_array     0x0000000000006b26        0x0
                0x0000000000006b26                PROVIDE (__init_array_start = .)
 *(SORT_BY_INIT_PRIORITY(.init_array.*) SORT_BY_INIT_PRIORITY(.ctors.*))
 *(.init_array EXCLUDE_FILE(*crtend?.o *crtend.o *crtbegin?.o *crtbegin.o) .ctors)
                0x0000000000006b26                PROVIDE (__init_array_end = .)

.fini_array     0x0000000000006b26        0x0
                0x0000000000006b26                PROVIDE (__fini_array_start = .)
 *(SORT_BY_INIT_PRIORITY(.fini_array.*) SORT_BY_INIT_PRIORITY(.dtors.*))
 *(.fini_array EXCLUDE_FILE(*crtend?.o *crtend.o *crtbegin?.o *crtbegin.o) .dtors)
                0x0000000000006b26                PROVIDE (__fini_array_end = .)

.ctors
 *crtbegin.o(.ctors)
 *crtbegin?.o(.ctors)
 *(EXCLUDE_FILE(*crtend?.o *crtend.o) .ctors)
 *(SORT_BY_NAME(.ctors.*))
 *(.ctors)

.dtors
 *crtbegin.o(.dtors)
 *crtbegin?.o(.dtors)
 *(EXCLUDE_FILE(*crtend?.o *crtend.o) .dtors)
 *(SORT_BY_NAME(.dtors.*))
 *(.dtors)

.jcr
 *(.jcr)

.data.rel.ro
 *(.data.rel.ro.local* .gnu.linkonce.d.rel.ro.local.*)
 *(.data.rel.ro .data.rel.ro.* .gnu.linkonce.d.rel.ro.*)

.dynamic
 *(.dynamic)
                0x0000000000006b26                . = DATA_SEGMENT_RELRO_END (., 0x0)

.got
 *(.got.plt)
 *(.igot.plt)
 *(.got)
 *(.igot)

.data           0x0000000000006b28       0x90
 *(.data .data.* .gnu.linkonce.d.*)
 .data          0x0000000000006b28       0x90 C:\Users\dirkm\AppData\Local\Temp\hank_2021.elf.APE1oJ.ltrans0.ltrans.o
 .data          0x0000000000006bb8        0x0 obj/gcc8_a_support.o
 .data          0x0000000000006bb8        0x0 obj/depacker_doynax.o

.INCBIN.MEMF_CHIP
                0x0000000000006bb8    0x29d07
 .INCBIN.MEMF_CHIP
                0x0000000000006bb8    0x29d07 C:\Users\dirkm\AppData\Local\Temp\hank_2021.elf.APE1oJ.ltrans0.ltrans.o
                0x0000000000006bb8                incbin_BmpLogoP_start
                0x0000000000009c78                incbin_BmpLogoP_end
                0x0000000000009c7a                incbin_BmpLogo2P_start
                0x000000000000cd3a                incbin_BmpLogo2P_end
                0x000000000000cd3c                incbin_BmpFont32P_start
                0x000000000001453c                incbin_BmpFont32P_end
                0x000000000001453e                incbin_BmpCookieP_start
                0x000000000001bd3e                incbin_BmpCookieP_end
                0x000000000001bd40                incbin_BmpCookieMaskP_start
                0x0000000000023540                incbin_BmpCookieMaskP_end
                0x0000000000023542                incbin_module_start
                0x00000000000308be                incbin_module_end

tut.MEMF_CHIP   0x00000000000308c0      0x2f8
 tut.MEMF_CHIP  0x00000000000308c0      0x2f8 C:\Users\dirkm\AppData\Local\Temp\hank_2021.elf.APE1oJ.ltrans0.ltrans.o

.data1
 *(.data1)
                0x0000000000030bb8                _edata = .
                [!provide]                        PROVIDE (edata = .)
                0x0000000000030bb8                . = .
                0x0000000000030bb8                __bss_start = .

.bss            0x0000000000030bb8      0x244
 *(.dynbss)
 *(.bss .bss.* .gnu.linkonce.b.*)
 .bss           0x0000000000030bb8      0x242 C:\Users\dirkm\AppData\Local\Temp\hank_2021.elf.APE1oJ.ltrans0.ltrans.o
 *fill*         0x0000000000030dfa        0x2 
 .bss           0x0000000000030dfc        0x0 obj/gcc8_a_support.o
 .bss           0x0000000000030dfc        0x0 obj/depacker_doynax.o
 *(COMMON)
                0x0000000000030dfc                . = ALIGN ((. != 0x0)?0x4:0x1)
                0x0000000000030dfc                . = ALIGN (0x4)
                0x0000000000030dfc                . = SEGMENT_START ("ldata-segment", .)
                0x0000000000030dfc                . = ALIGN (0x4)
                0x0000000000030dfc                _end = .
                [!provide]                        PROVIDE (end = .)
                0x0000000000030dfc                . = DATA_SEGMENT_END (.)

.stab
 *(.stab)

.stabstr
 *(.stabstr)

.stab.excl
 *(.stab.excl)

.stab.exclstr
 *(.stab.exclstr)

.stab.index
 *(.stab.index)

.stab.indexstr
 *(.stab.indexstr)

.comment        0x0000000000000000       0x12
 *(.comment)
 .comment       0x0000000000000000       0x12 C:\Users\dirkm\AppData\Local\Temp\hank_2021.elf.APE1oJ.ltrans0.ltrans.o
                                         0x13 (size before relaxing)
 .comment       0x0000000000000012       0x13 C:\Users\dirkm\AppData\Local\Temp\ccGAtWPW.debug.temp.o
 .comment       0x0000000000000012       0x13 C:\Users\dirkm\AppData\Local\Temp\cccXcn6A.debug.temp.o

.gnu.build.attributes
 *(.gnu.build.attributes .gnu.build.attributes.*)

.debug
 *(.debug)

.line
 *(.line)

.debug_srcinfo
 *(.debug_srcinfo)

.debug_sfnames
 *(.debug_sfnames)

.debug_aranges  0x0000000000000000       0x68
 *(.debug_aranges)
 .debug_aranges
                0x0000000000000000       0x28 C:\Users\dirkm\AppData\Local\Temp\hank_2021.elf.APE1oJ.ltrans0.ltrans.o
 .debug_aranges
                0x0000000000000028       0x20 obj/gcc8_a_support.o
 .debug_aranges
                0x0000000000000048       0x20 obj/depacker_doynax.o

.debug_pubnames
 *(.debug_pubnames)

.debug_info     0x0000000000000000     0x8923
 *(.debug_info .gnu.linkonce.wi.*)
 .debug_info    0x0000000000000000     0x22a7 C:\Users\dirkm\AppData\Local\Temp\hank_2021.elf.APE1oJ.ltrans0.ltrans.o
 .debug_info    0x00000000000022a7     0x597d C:\Users\dirkm\AppData\Local\Temp\ccGAtWPW.debug.temp.o
                0x00000000000022a7                main.c.dbc41089
 .debug_info    0x0000000000007c24      0xcb3 C:\Users\dirkm\AppData\Local\Temp\cccXcn6A.debug.temp.o
                0x0000000000007c24                gcc8_c_support.c.cf7a2c2b
 .debug_info    0x00000000000088d7       0x26 obj/gcc8_a_support.o
 .debug_info    0x00000000000088fd       0x26 obj/depacker_doynax.o

.debug_abbrev   0x0000000000000000      0x665
 *(.debug_abbrev)
 .debug_abbrev  0x0000000000000000      0x14d C:\Users\dirkm\AppData\Local\Temp\hank_2021.elf.APE1oJ.ltrans0.ltrans.o
 .debug_abbrev  0x000000000000014d      0x321 C:\Users\dirkm\AppData\Local\Temp\ccGAtWPW.debug.temp.o
 .debug_abbrev  0x000000000000046e      0x1cf C:\Users\dirkm\AppData\Local\Temp\cccXcn6A.debug.temp.o
 .debug_abbrev  0x000000000000063d       0x14 obj/gcc8_a_support.o
 .debug_abbrev  0x0000000000000651       0x14 obj/depacker_doynax.o

.debug_line     0x0000000000000000     0x618e
 *(.debug_line .debug_line.* .debug_line_end)
 .debug_line    0x0000000000000000     0x59aa C:\Users\dirkm\AppData\Local\Temp\hank_2021.elf.APE1oJ.ltrans0.ltrans.o
 .debug_line    0x00000000000059aa      0x4e5 C:\Users\dirkm\AppData\Local\Temp\ccGAtWPW.debug.temp.o
 .debug_line    0x0000000000005e8f      0x15f C:\Users\dirkm\AppData\Local\Temp\cccXcn6A.debug.temp.o
 .debug_line    0x0000000000005fee       0xe1 obj/gcc8_a_support.o
 .debug_line    0x00000000000060cf       0xbf obj/depacker_doynax.o

.debug_frame    0x0000000000000000      0xc68
 *(.debug_frame)
 .debug_frame   0x0000000000000000      0xb9c C:\Users\dirkm\AppData\Local\Temp\hank_2021.elf.APE1oJ.ltrans0.ltrans.o
 .debug_frame   0x0000000000000b9c       0xcc obj/gcc8_a_support.o

.debug_str      0x0000000000000000      0x33e
 *(.debug_str)
 .debug_str     0x0000000000000000       0x12 C:\Users\dirkm\AppData\Local\Temp\hank_2021.elf.APE1oJ.ltrans0.ltrans.o
 .debug_str     0x0000000000000012      0x1ef C:\Users\dirkm\AppData\Local\Temp\ccGAtWPW.debug.temp.o
 .debug_str     0x0000000000000201       0x80 C:\Users\dirkm\AppData\Local\Temp\cccXcn6A.debug.temp.o
 .debug_str     0x0000000000000281       0x7a obj/gcc8_a_support.o
 .debug_str     0x00000000000002fb       0x43 obj/depacker_doynax.o
                                         0x7b (size before relaxing)

.debug_loc      0x0000000000000000     0x23ae
 *(.debug_loc)
 .debug_loc     0x0000000000000000     0x23ae C:\Users\dirkm\AppData\Local\Temp\hank_2021.elf.APE1oJ.ltrans0.ltrans.o

.debug_macinfo
 *(.debug_macinfo)

.debug_weaknames
 *(.debug_weaknames)

.debug_funcnames
 *(.debug_funcnames)

.debug_typenames
 *(.debug_typenames)

.debug_varnames
 *(.debug_varnames)

.debug_pubtypes
 *(.debug_pubtypes)

.debug_ranges   0x0000000000000000      0x230
 *(.debug_ranges)
 .debug_ranges  0x0000000000000000      0x230 C:\Users\dirkm\AppData\Local\Temp\hank_2021.elf.APE1oJ.ltrans0.ltrans.o

.debug_macro
 *(.debug_macro)

.debug_addr
 *(.debug_addr)

.gnu.attributes
 *(.gnu.attributes)

/DISCARD/
 *(.note.GNU-stack)
 *(.gnu_debuglink)
 *(.gnu.lto_*)
OUTPUT(bin/hank_2021.elf elf32-m68k)
