
Memory Configuration

Name             Origin             Length             Attributes
*default*        0x0000000000000000 0xffffffffffffffff

Linker script and memory map

Address of section .text set to 0x0
LOAD C:\Users\dirkm\AppData\Local\Temp\hank_2021.elf.SO9Hm2.ltrans0.ltrans.o
LOAD C:\Users\dirkm\AppData\Local\Temp\ccKKFKCX.debug.temp.o
LOAD C:\Users\dirkm\AppData\Local\Temp\ccWycnK0.debug.temp.o
LOAD obj/gcc8_a_support.o
LOAD obj/depacker_doynax.o
                [!provide]                        PROVIDE (__executable_start = SEGMENT_START ("text-segment", 0x80000000))
                0x0000000080000074                . = (SEGMENT_START ("text-segment", 0x80000000) + SIZEOF_HEADERS)

.interp
 *(.interp)

.note.gnu.build-id
 *(.note.gnu.build-id)

.hash
 *(.hash)

.gnu.hash
 *(.gnu.hash)

.dynsym
 *(.dynsym)

.dynstr
 *(.dynstr)

.gnu.version
 *(.gnu.version)

.gnu.version_d
 *(.gnu.version_d)

.gnu.version_r
 *(.gnu.version_r)

.rela.dyn       0x0000000080000074        0x0
 *(.rela.init)
 *(.rela.text .rela.text.* .rela.gnu.linkonce.t.*)
 *(.rela.fini)
 *(.rela.rodata .rela.rodata.* .rela.gnu.linkonce.r.*)
 *(.rela.data .rela.data.* .rela.gnu.linkonce.d.*)
 *(.rela.tdata .rela.tdata.* .rela.gnu.linkonce.td.*)
 *(.rela.tbss .rela.tbss.* .rela.gnu.linkonce.tb.*)
 *(.rela.ctors)
 *(.rela.dtors)
 *(.rela.got)
 *(.rela.bss .rela.bss.* .rela.gnu.linkonce.b.*)
                [!provide]                        PROVIDE (__rela_iplt_start = .)
 *(.rela.iplt)
                [!provide]                        PROVIDE (__rela_iplt_end = .)

.rela.plt
 *(.rela.plt)

.init
 *(SORT_NONE(.init))

.plt
 *(.plt)

.iplt
 *(.iplt)

.text           0x0000000000000000     0x265e
 *(.text.unlikely .text.*_unlikely .text.unlikely.*)
 .text.unlikely
                0x0000000000000000       0x74 C:\Users\dirkm\AppData\Local\Temp\hank_2021.elf.SO9Hm2.ltrans0.ltrans.o
                0x0000000000000000                _start
 *(.text.exit .text.exit.*)
 *(.text.startup .text.startup.*)
 *(.text.hot .text.hot.*)
 *(SORT_BY_NAME(.text.sorted.*))
 *(.text .stub .text.* .gnu.linkonce.t.*)
 .text          0x0000000000000074     0x240c C:\Users\dirkm\AppData\Local\Temp\hank_2021.elf.SO9Hm2.ltrans0.ltrans.o
                0x0000000000001e22                main
                0x000000000000225a                strlen
                0x000000000000226e                memset
                0x000000000000233c                memcpy
                0x00000000000023c8                memmove
 .text          0x0000000000002480      0x10c obj/gcc8_a_support.o
                0x0000000000002480                __mulsi3
                0x00000000000024a2                __udivsi3
                0x00000000000024fe                __divsi3
                0x0000000000002528                __modsi3
                0x0000000000002550                __umodsi3
                0x000000000000257a                KPutCharX
                0x0000000000002588                PutChar
 .text          0x000000000000258c       0xd2 obj/depacker_doynax.o
                0x000000000000258c                _doynaxdepack_asm
 *(.gnu.warning)

.fini
 *(SORT_NONE(.fini))
                [!provide]                        PROVIDE (__etext = .)
                [!provide]                        PROVIDE (_etext = .)
                [!provide]                        PROVIDE (etext = .)

.rodata         0x000000000000265e     0x205e
 *(.rodata .rodata.* .gnu.linkonce.r.*)
 .rodata        0x000000000000265e     0x205e C:\Users\dirkm\AppData\Local\Temp\hank_2021.elf.SO9Hm2.ltrans0.ltrans.o
                0x000000000000265e                incbin_P61_Player_start
                0x0000000000003fc4                incbin_P61_Player_end

.rodata1
 *(.rodata1)

.eh_frame_hdr
 *(.eh_frame_hdr)
 *(.eh_frame_entry .eh_frame_entry.*)

.eh_frame
 *(.eh_frame)
 *(.eh_frame.*)

.gcc_except_table
 *(.gcc_except_table .gcc_except_table.*)

.gnu_extab
 *(.gnu_extab*)

.exception_ranges
 *(.exception_ranges*)
                0x00000000000066bc                . = DATA_SEGMENT_ALIGN (CONSTANT (MAXPAGESIZE), CONSTANT (COMMONPAGESIZE))

.eh_frame
 *(.eh_frame)
 *(.eh_frame.*)

.gnu_extab
 *(.gnu_extab)

.gcc_except_table
 *(.gcc_except_table .gcc_except_table.*)

.exception_ranges
 *(.exception_ranges*)

.tdata          0x00000000000066bc        0x0
                [!provide]                        PROVIDE (__tdata_start = .)
 *(.tdata .tdata.* .gnu.linkonce.td.*)

.tbss
 *(.tbss .tbss.* .gnu.linkonce.tb.*)
 *(.tcommon)

.preinit_array  0x00000000000066bc        0x0
                0x00000000000066bc                PROVIDE (__preinit_array_start = .)
 *(.preinit_array)
                0x00000000000066bc                PROVIDE (__preinit_array_end = .)

.init_array     0x00000000000066bc        0x0
                0x00000000000066bc                PROVIDE (__init_array_start = .)
 *(SORT_BY_INIT_PRIORITY(.init_array.*) SORT_BY_INIT_PRIORITY(.ctors.*))
 *(.init_array EXCLUDE_FILE(*crtend?.o *crtend.o *crtbegin?.o *crtbegin.o) .ctors)
                0x00000000000066bc                PROVIDE (__init_array_end = .)

.fini_array     0x00000000000066bc        0x0
                0x00000000000066bc                PROVIDE (__fini_array_start = .)
 *(SORT_BY_INIT_PRIORITY(.fini_array.*) SORT_BY_INIT_PRIORITY(.dtors.*))
 *(.fini_array EXCLUDE_FILE(*crtend?.o *crtend.o *crtbegin?.o *crtbegin.o) .dtors)
                0x00000000000066bc                PROVIDE (__fini_array_end = .)

.ctors
 *crtbegin.o(.ctors)
 *crtbegin?.o(.ctors)
 *(EXCLUDE_FILE(*crtend?.o *crtend.o) .ctors)
 *(SORT_BY_NAME(.ctors.*))
 *(.ctors)

.dtors
 *crtbegin.o(.dtors)
 *crtbegin?.o(.dtors)
 *(EXCLUDE_FILE(*crtend?.o *crtend.o) .dtors)
 *(SORT_BY_NAME(.dtors.*))
 *(.dtors)

.jcr
 *(.jcr)

.data.rel.ro
 *(.data.rel.ro.local* .gnu.linkonce.d.rel.ro.local.*)
 *(.data.rel.ro .data.rel.ro.* .gnu.linkonce.d.rel.ro.*)

.dynamic
 *(.dynamic)
                0x00000000000066bc                . = DATA_SEGMENT_RELRO_END (., 0x0)

.got
 *(.got.plt)
 *(.igot.plt)
 *(.got)
 *(.igot)

.data           0x00000000000066bc       0x48
 *(.data .data.* .gnu.linkonce.d.*)
 .data          0x00000000000066bc       0x47 C:\Users\dirkm\AppData\Local\Temp\hank_2021.elf.SO9Hm2.ltrans0.ltrans.o
 *fill*         0x0000000000006703        0x1 
 .data          0x0000000000006704        0x0 obj/gcc8_a_support.o
 .data          0x0000000000006704        0x0 obj/depacker_doynax.o

.INCBIN.MEMF_CHIP
                0x0000000000006704    0x1d3cb
 .INCBIN.MEMF_CHIP
                0x0000000000006704    0x1d3cb C:\Users\dirkm\AppData\Local\Temp\hank_2021.elf.SO9Hm2.ltrans0.ltrans.o
                0x0000000000006704                incbin_BmpLogoP_start
                0x00000000000097c4                incbin_BmpLogoP_end
                0x00000000000097c6                incbin_BmpFont32P_start
                0x0000000000010fc6                incbin_BmpFont32P_end
                0x0000000000010fc8                incbin_BmpCookieP_start
                0x00000000000187c8                incbin_BmpCookieP_end
                0x00000000000187ca                incbin_BmpCookieMaskP_start
                0x000000000001ffca                incbin_BmpCookieMaskP_end
                0x000000000001ffcc                incbin_module_start
                0x0000000000023ace                incbin_module_end

tut.MEMF_CHIP   0x0000000000023ad0      0x2f8
 tut.MEMF_CHIP  0x0000000000023ad0      0x2f8 C:\Users\dirkm\AppData\Local\Temp\hank_2021.elf.SO9Hm2.ltrans0.ltrans.o

.data1
 *(.data1)
                0x0000000000023dc8                _edata = .
                [!provide]                        PROVIDE (edata = .)
                0x0000000000023dc8                . = .
                0x0000000000023dc8                __bss_start = .

.bss            0x0000000000023dc8      0x208
 *(.dynbss)
 *(.bss .bss.* .gnu.linkonce.b.*)
 .bss           0x0000000000023dc8      0x206 C:\Users\dirkm\AppData\Local\Temp\hank_2021.elf.SO9Hm2.ltrans0.ltrans.o
 *fill*         0x0000000000023fce        0x2 
 .bss           0x0000000000023fd0        0x0 obj/gcc8_a_support.o
 .bss           0x0000000000023fd0        0x0 obj/depacker_doynax.o
 *(COMMON)
                0x0000000000023fd0                . = ALIGN ((. != 0x0)?0x4:0x1)
                0x0000000000023fd0                . = ALIGN (0x4)
                0x0000000000023fd0                . = SEGMENT_START ("ldata-segment", .)
                0x0000000000023fd0                . = ALIGN (0x4)
                0x0000000000023fd0                _end = .
                [!provide]                        PROVIDE (end = .)
                0x0000000000023fd0                . = DATA_SEGMENT_END (.)

.stab
 *(.stab)

.stabstr
 *(.stabstr)

.stab.excl
 *(.stab.excl)

.stab.exclstr
 *(.stab.exclstr)

.stab.index
 *(.stab.index)

.stab.indexstr
 *(.stab.indexstr)

.comment        0x0000000000000000       0x12
 *(.comment)
 .comment       0x0000000000000000       0x12 C:\Users\dirkm\AppData\Local\Temp\hank_2021.elf.SO9Hm2.ltrans0.ltrans.o
                                         0x13 (size before relaxing)
 .comment       0x0000000000000012       0x13 C:\Users\dirkm\AppData\Local\Temp\ccKKFKCX.debug.temp.o
 .comment       0x0000000000000012       0x13 C:\Users\dirkm\AppData\Local\Temp\ccWycnK0.debug.temp.o

.gnu.build.attributes
 *(.gnu.build.attributes .gnu.build.attributes.*)

.debug
 *(.debug)

.line
 *(.line)

.debug_srcinfo
 *(.debug_srcinfo)

.debug_sfnames
 *(.debug_sfnames)

.debug_aranges  0x0000000000000000       0x68
 *(.debug_aranges)
 .debug_aranges
                0x0000000000000000       0x28 C:\Users\dirkm\AppData\Local\Temp\hank_2021.elf.SO9Hm2.ltrans0.ltrans.o
 .debug_aranges
                0x0000000000000028       0x20 obj/gcc8_a_support.o
 .debug_aranges
                0x0000000000000048       0x20 obj/depacker_doynax.o

.debug_pubnames
 *(.debug_pubnames)

.debug_info     0x0000000000000000     0x8a48
 *(.debug_info .gnu.linkonce.wi.*)
 .debug_info    0x0000000000000000     0x255e C:\Users\dirkm\AppData\Local\Temp\hank_2021.elf.SO9Hm2.ltrans0.ltrans.o
 .debug_info    0x000000000000255e     0x57e8 C:\Users\dirkm\AppData\Local\Temp\ccKKFKCX.debug.temp.o
                0x000000000000255e                main.c.49b05210
 .debug_info    0x0000000000007d46      0xcb6 C:\Users\dirkm\AppData\Local\Temp\ccWycnK0.debug.temp.o
                0x0000000000007d46                gcc8_c_support.c.cf7a2c2b
 .debug_info    0x00000000000089fc       0x26 obj/gcc8_a_support.o
 .debug_info    0x0000000000008a22       0x26 obj/depacker_doynax.o

.debug_abbrev   0x0000000000000000      0x665
 *(.debug_abbrev)
 .debug_abbrev  0x0000000000000000      0x13c C:\Users\dirkm\AppData\Local\Temp\hank_2021.elf.SO9Hm2.ltrans0.ltrans.o
 .debug_abbrev  0x000000000000013c      0x332 C:\Users\dirkm\AppData\Local\Temp\ccKKFKCX.debug.temp.o
 .debug_abbrev  0x000000000000046e      0x1cf C:\Users\dirkm\AppData\Local\Temp\ccWycnK0.debug.temp.o
 .debug_abbrev  0x000000000000063d       0x14 obj/gcc8_a_support.o
 .debug_abbrev  0x0000000000000651       0x14 obj/depacker_doynax.o

.debug_line     0x0000000000000000     0x6402
 *(.debug_line .debug_line.* .debug_line_end)
 .debug_line    0x0000000000000000     0x5c1e C:\Users\dirkm\AppData\Local\Temp\hank_2021.elf.SO9Hm2.ltrans0.ltrans.o
 .debug_line    0x0000000000005c1e      0x4e5 C:\Users\dirkm\AppData\Local\Temp\ccKKFKCX.debug.temp.o
 .debug_line    0x0000000000006103      0x15f C:\Users\dirkm\AppData\Local\Temp\ccWycnK0.debug.temp.o
 .debug_line    0x0000000000006262       0xe1 obj/gcc8_a_support.o
 .debug_line    0x0000000000006343       0xbf obj/depacker_doynax.o

.debug_frame    0x0000000000000000     0x1338
 *(.debug_frame)
 .debug_frame   0x0000000000000000     0x126c C:\Users\dirkm\AppData\Local\Temp\hank_2021.elf.SO9Hm2.ltrans0.ltrans.o
 .debug_frame   0x000000000000126c       0xcc obj/gcc8_a_support.o

.debug_str      0x0000000000000000      0x33e
 *(.debug_str)
 .debug_str     0x0000000000000000       0x12 C:\Users\dirkm\AppData\Local\Temp\hank_2021.elf.SO9Hm2.ltrans0.ltrans.o
 .debug_str     0x0000000000000012      0x1ef C:\Users\dirkm\AppData\Local\Temp\ccKKFKCX.debug.temp.o
 .debug_str     0x0000000000000201       0x80 C:\Users\dirkm\AppData\Local\Temp\ccWycnK0.debug.temp.o
 .debug_str     0x0000000000000281       0x7a obj/gcc8_a_support.o
 .debug_str     0x00000000000002fb       0x43 obj/depacker_doynax.o
                                         0x7b (size before relaxing)

.debug_loc      0x0000000000000000     0x2d13
 *(.debug_loc)
 .debug_loc     0x0000000000000000     0x2d13 C:\Users\dirkm\AppData\Local\Temp\hank_2021.elf.SO9Hm2.ltrans0.ltrans.o

.debug_macinfo
 *(.debug_macinfo)

.debug_weaknames
 *(.debug_weaknames)

.debug_funcnames
 *(.debug_funcnames)

.debug_typenames
 *(.debug_typenames)

.debug_varnames
 *(.debug_varnames)

.debug_pubtypes
 *(.debug_pubtypes)

.debug_ranges   0x0000000000000000      0x1d0
 *(.debug_ranges)
 .debug_ranges  0x0000000000000000      0x1d0 C:\Users\dirkm\AppData\Local\Temp\hank_2021.elf.SO9Hm2.ltrans0.ltrans.o

.debug_macro
 *(.debug_macro)

.debug_addr
 *(.debug_addr)

.gnu.attributes
 *(.gnu.attributes)

/DISCARD/
 *(.note.GNU-stack)
 *(.gnu_debuglink)
 *(.gnu.lto_*)
OUTPUT(bin/hank_2021.elf elf32-m68k)
