
Memory Configuration

Name             Origin             Length             Attributes
*default*        0x0000000000000000 0xffffffffffffffff

Linker script and memory map

Address of section .text set to 0x0
LOAD C:\Users\dirkm\AppData\Local\Temp\hank_2021.elf.LjvbYr.ltrans0.ltrans.o
LOAD C:\Users\dirkm\AppData\Local\Temp\ccIAaTNp.debug.temp.o
LOAD C:\Users\dirkm\AppData\Local\Temp\ccKLHgS4.debug.temp.o
LOAD obj/gcc8_a_support.o
LOAD obj/depacker_doynax.o
                [!provide]                        PROVIDE (__executable_start = SEGMENT_START ("text-segment", 0x80000000))
                0x0000000080000074                . = (SEGMENT_START ("text-segment", 0x80000000) + SIZEOF_HEADERS)

.interp
 *(.interp)

.note.gnu.build-id
 *(.note.gnu.build-id)

.hash
 *(.hash)

.gnu.hash
 *(.gnu.hash)

.dynsym
 *(.dynsym)

.dynstr
 *(.dynstr)

.gnu.version
 *(.gnu.version)

.gnu.version_d
 *(.gnu.version_d)

.gnu.version_r
 *(.gnu.version_r)

.rela.dyn       0x0000000080000074        0x0
 *(.rela.init)
 *(.rela.text .rela.text.* .rela.gnu.linkonce.t.*)
 *(.rela.fini)
 *(.rela.rodata .rela.rodata.* .rela.gnu.linkonce.r.*)
 *(.rela.data .rela.data.* .rela.gnu.linkonce.d.*)
 *(.rela.tdata .rela.tdata.* .rela.gnu.linkonce.td.*)
 *(.rela.tbss .rela.tbss.* .rela.gnu.linkonce.tb.*)
 *(.rela.ctors)
 *(.rela.dtors)
 *(.rela.got)
 *(.rela.bss .rela.bss.* .rela.gnu.linkonce.b.*)
                [!provide]                        PROVIDE (__rela_iplt_start = .)
 *(.rela.iplt)
                [!provide]                        PROVIDE (__rela_iplt_end = .)

.rela.plt
 *(.rela.plt)

.init
 *(SORT_NONE(.init))

.plt
 *(.plt)

.iplt
 *(.iplt)

.text           0x0000000000000000     0x29d6
 *(.text.unlikely .text.*_unlikely .text.unlikely.*)
 .text.unlikely
                0x0000000000000000       0x8c C:\Users\dirkm\AppData\Local\Temp\hank_2021.elf.LjvbYr.ltrans0.ltrans.o
                0x0000000000000000                _start
 *(.text.exit .text.exit.*)
 *(.text.startup .text.startup.*)
 *(.text.hot .text.hot.*)
 *(SORT_BY_NAME(.text.sorted.*))
 *(.text .stub .text.* .gnu.linkonce.t.*)
 .text          0x000000000000008c     0x276a C:\Users\dirkm\AppData\Local\Temp\hank_2021.elf.LjvbYr.ltrans0.ltrans.o
                0x0000000000002314                main
                0x0000000000002760                strlen
                0x0000000000002770                memset
                0x0000000000002792                memcpy
                0x00000000000027b4                memmove
 *fill*         0x00000000000027f6        0x2 4e714e71
 .text          0x00000000000027f8      0x10c obj/gcc8_a_support.o
                0x00000000000027f8                __mulsi3
                0x000000000000281a                __udivsi3
                0x0000000000002876                __divsi3
                0x00000000000028a0                __modsi3
                0x00000000000028c8                __umodsi3
                0x00000000000028f2                KPutCharX
                0x0000000000002900                PutChar
 .text          0x0000000000002904       0xd2 obj/depacker_doynax.o
                0x0000000000002904                _doynaxdepack_asm
 *(.gnu.warning)

.fini
 *(SORT_NONE(.fini))
                [!provide]                        PROVIDE (__etext = .)
                [!provide]                        PROVIDE (_etext = .)
                [!provide]                        PROVIDE (etext = .)

.rodata         0x00000000000029d6     0x207e
 *(.rodata .rodata.* .gnu.linkonce.r.*)
 .rodata        0x00000000000029d6     0x207e C:\Users\dirkm\AppData\Local\Temp\hank_2021.elf.LjvbYr.ltrans0.ltrans.o
                0x00000000000029d6                incbin_P61_Player_start
                0x000000000000433c                incbin_P61_Player_end

.rodata1
 *(.rodata1)

.eh_frame_hdr
 *(.eh_frame_hdr)
 *(.eh_frame_entry .eh_frame_entry.*)

.eh_frame
 *(.eh_frame)
 *(.eh_frame.*)

.gcc_except_table
 *(.gcc_except_table .gcc_except_table.*)

.gnu_extab
 *(.gnu_extab*)

.exception_ranges
 *(.exception_ranges*)
                0x0000000000006a54                . = DATA_SEGMENT_ALIGN (CONSTANT (MAXPAGESIZE), CONSTANT (COMMONPAGESIZE))

.eh_frame
 *(.eh_frame)
 *(.eh_frame.*)

.gnu_extab
 *(.gnu_extab)

.gcc_except_table
 *(.gcc_except_table .gcc_except_table.*)

.exception_ranges
 *(.exception_ranges*)

.tdata          0x0000000000006a54        0x0
                [!provide]                        PROVIDE (__tdata_start = .)
 *(.tdata .tdata.* .gnu.linkonce.td.*)

.tbss
 *(.tbss .tbss.* .gnu.linkonce.tb.*)
 *(.tcommon)

.preinit_array  0x0000000000006a54        0x0
                0x0000000000006a54                PROVIDE (__preinit_array_start = .)
 *(.preinit_array)
                0x0000000000006a54                PROVIDE (__preinit_array_end = .)

.init_array     0x0000000000006a54        0x0
                0x0000000000006a54                PROVIDE (__init_array_start = .)
 *(SORT_BY_INIT_PRIORITY(.init_array.*) SORT_BY_INIT_PRIORITY(.ctors.*))
 *(.init_array EXCLUDE_FILE(*crtend?.o *crtend.o *crtbegin?.o *crtbegin.o) .ctors)
                0x0000000000006a54                PROVIDE (__init_array_end = .)

.fini_array     0x0000000000006a54        0x0
                0x0000000000006a54                PROVIDE (__fini_array_start = .)
 *(SORT_BY_INIT_PRIORITY(.fini_array.*) SORT_BY_INIT_PRIORITY(.dtors.*))
 *(.fini_array EXCLUDE_FILE(*crtend?.o *crtend.o *crtbegin?.o *crtbegin.o) .dtors)
                0x0000000000006a54                PROVIDE (__fini_array_end = .)

.ctors
 *crtbegin.o(.ctors)
 *crtbegin?.o(.ctors)
 *(EXCLUDE_FILE(*crtend?.o *crtend.o) .ctors)
 *(SORT_BY_NAME(.ctors.*))
 *(.ctors)

.dtors
 *crtbegin.o(.dtors)
 *crtbegin?.o(.dtors)
 *(EXCLUDE_FILE(*crtend?.o *crtend.o) .dtors)
 *(SORT_BY_NAME(.dtors.*))
 *(.dtors)

.jcr
 *(.jcr)

.data.rel.ro
 *(.data.rel.ro.local* .gnu.linkonce.d.rel.ro.local.*)
 *(.data.rel.ro .data.rel.ro.* .gnu.linkonce.d.rel.ro.*)

.dynamic
 *(.dynamic)
                0x0000000000006a54                . = DATA_SEGMENT_RELRO_END (., 0x0)

.got
 *(.got.plt)
 *(.igot.plt)
 *(.got)
 *(.igot)

.data           0x0000000000006a54       0x88
 *(.data .data.* .gnu.linkonce.d.*)
 .data          0x0000000000006a54       0x87 C:\Users\dirkm\AppData\Local\Temp\hank_2021.elf.LjvbYr.ltrans0.ltrans.o
 *fill*         0x0000000000006adb        0x1 
 .data          0x0000000000006adc        0x0 obj/gcc8_a_support.o
 .data          0x0000000000006adc        0x0 obj/depacker_doynax.o

.INCBIN.MEMF_CHIP
                0x0000000000006adc    0x1db35
 .INCBIN.MEMF_CHIP
                0x0000000000006adc    0x1db35 C:\Users\dirkm\AppData\Local\Temp\hank_2021.elf.LjvbYr.ltrans0.ltrans.o
                0x0000000000006adc                incbin_BmpLogoP_start
                0x0000000000009b9c                incbin_BmpLogoP_end
                0x0000000000009b9e                incbin_BmpFont32P_start
                0x000000000001139e                incbin_BmpFont32P_end
                0x00000000000113a0                incbin_BmpCookieP_start
                0x0000000000018ba0                incbin_BmpCookieP_end
                0x0000000000018ba2                incbin_BmpCookieMaskP_start
                0x00000000000203a2                incbin_BmpCookieMaskP_end
                0x00000000000203a4                incbin_module_start
                0x0000000000024610                incbin_module_end

tut.MEMF_CHIP   0x0000000000024612      0x2f8
 tut.MEMF_CHIP  0x0000000000024612      0x2f8 C:\Users\dirkm\AppData\Local\Temp\hank_2021.elf.LjvbYr.ltrans0.ltrans.o

.data1
 *(.data1)
                0x000000000002490a                _edata = .
                [!provide]                        PROVIDE (edata = .)
                0x000000000002490a                . = .
                0x000000000002490a                __bss_start = .

.bss            0x000000000002490c      0x208
 *(.dynbss)
 *(.bss .bss.* .gnu.linkonce.b.*)
 .bss           0x000000000002490c      0x206 C:\Users\dirkm\AppData\Local\Temp\hank_2021.elf.LjvbYr.ltrans0.ltrans.o
 *fill*         0x0000000000024b12        0x2 
 .bss           0x0000000000024b14        0x0 obj/gcc8_a_support.o
 .bss           0x0000000000024b14        0x0 obj/depacker_doynax.o
 *(COMMON)
                0x0000000000024b14                . = ALIGN ((. != 0x0)?0x4:0x1)
                0x0000000000024b14                . = ALIGN (0x4)
                0x0000000000024b14                . = SEGMENT_START ("ldata-segment", .)
                0x0000000000024b14                . = ALIGN (0x4)
                0x0000000000024b14                _end = .
                [!provide]                        PROVIDE (end = .)
                0x0000000000024b14                . = DATA_SEGMENT_END (.)

.stab
 *(.stab)

.stabstr
 *(.stabstr)

.stab.excl
 *(.stab.excl)

.stab.exclstr
 *(.stab.exclstr)

.stab.index
 *(.stab.index)

.stab.indexstr
 *(.stab.indexstr)

.comment        0x0000000000000000       0x12
 *(.comment)
 .comment       0x0000000000000000       0x12 C:\Users\dirkm\AppData\Local\Temp\hank_2021.elf.LjvbYr.ltrans0.ltrans.o
                                         0x13 (size before relaxing)
 .comment       0x0000000000000012       0x13 C:\Users\dirkm\AppData\Local\Temp\ccIAaTNp.debug.temp.o
 .comment       0x0000000000000012       0x13 C:\Users\dirkm\AppData\Local\Temp\ccKLHgS4.debug.temp.o

.gnu.build.attributes
 *(.gnu.build.attributes .gnu.build.attributes.*)

.debug
 *(.debug)

.line
 *(.line)

.debug_srcinfo
 *(.debug_srcinfo)

.debug_sfnames
 *(.debug_sfnames)

.debug_aranges  0x0000000000000000       0x68
 *(.debug_aranges)
 .debug_aranges
                0x0000000000000000       0x28 C:\Users\dirkm\AppData\Local\Temp\hank_2021.elf.LjvbYr.ltrans0.ltrans.o
 .debug_aranges
                0x0000000000000028       0x20 obj/gcc8_a_support.o
 .debug_aranges
                0x0000000000000048       0x20 obj/depacker_doynax.o

.debug_pubnames
 *(.debug_pubnames)

.debug_info     0x0000000000000000     0x861d
 *(.debug_info .gnu.linkonce.wi.*)
 .debug_info    0x0000000000000000     0x2123 C:\Users\dirkm\AppData\Local\Temp\hank_2021.elf.LjvbYr.ltrans0.ltrans.o
 .debug_info    0x0000000000002123     0x57fb C:\Users\dirkm\AppData\Local\Temp\ccIAaTNp.debug.temp.o
                0x0000000000002123                main.c.d475981e
 .debug_info    0x000000000000791e      0xcb3 C:\Users\dirkm\AppData\Local\Temp\ccKLHgS4.debug.temp.o
                0x000000000000791e                gcc8_c_support.c.cf7a2c2b
 .debug_info    0x00000000000085d1       0x26 obj/gcc8_a_support.o
 .debug_info    0x00000000000085f7       0x26 obj/depacker_doynax.o

.debug_abbrev   0x0000000000000000      0x654
 *(.debug_abbrev)
 .debug_abbrev  0x0000000000000000      0x12b C:\Users\dirkm\AppData\Local\Temp\hank_2021.elf.LjvbYr.ltrans0.ltrans.o
 .debug_abbrev  0x000000000000012b      0x332 C:\Users\dirkm\AppData\Local\Temp\ccIAaTNp.debug.temp.o
 .debug_abbrev  0x000000000000045d      0x1cf C:\Users\dirkm\AppData\Local\Temp\ccKLHgS4.debug.temp.o
 .debug_abbrev  0x000000000000062c       0x14 obj/gcc8_a_support.o
 .debug_abbrev  0x0000000000000640       0x14 obj/depacker_doynax.o

.debug_line     0x0000000000000000     0x5be8
 *(.debug_line .debug_line.* .debug_line_end)
 .debug_line    0x0000000000000000     0x5404 C:\Users\dirkm\AppData\Local\Temp\hank_2021.elf.LjvbYr.ltrans0.ltrans.o
 .debug_line    0x0000000000005404      0x4e5 C:\Users\dirkm\AppData\Local\Temp\ccIAaTNp.debug.temp.o
 .debug_line    0x00000000000058e9      0x15f C:\Users\dirkm\AppData\Local\Temp\ccKLHgS4.debug.temp.o
 .debug_line    0x0000000000005a48       0xe1 obj/gcc8_a_support.o
 .debug_line    0x0000000000005b29       0xbf obj/depacker_doynax.o

.debug_frame    0x0000000000000000     0x1b28
 *(.debug_frame)
 .debug_frame   0x0000000000000000     0x1a5c C:\Users\dirkm\AppData\Local\Temp\hank_2021.elf.LjvbYr.ltrans0.ltrans.o
 .debug_frame   0x0000000000001a5c       0xcc obj/gcc8_a_support.o

.debug_str      0x0000000000000000      0x33e
 *(.debug_str)
 .debug_str     0x0000000000000000       0x12 C:\Users\dirkm\AppData\Local\Temp\hank_2021.elf.LjvbYr.ltrans0.ltrans.o
 .debug_str     0x0000000000000012      0x1ef C:\Users\dirkm\AppData\Local\Temp\ccIAaTNp.debug.temp.o
 .debug_str     0x0000000000000201       0x80 C:\Users\dirkm\AppData\Local\Temp\ccKLHgS4.debug.temp.o
 .debug_str     0x0000000000000281       0x7a obj/gcc8_a_support.o
 .debug_str     0x00000000000002fb       0x43 obj/depacker_doynax.o
                                         0x7b (size before relaxing)

.debug_loc      0x0000000000000000     0x229f
 *(.debug_loc)
 .debug_loc     0x0000000000000000     0x229f C:\Users\dirkm\AppData\Local\Temp\hank_2021.elf.LjvbYr.ltrans0.ltrans.o

.debug_macinfo
 *(.debug_macinfo)

.debug_weaknames
 *(.debug_weaknames)

.debug_funcnames
 *(.debug_funcnames)

.debug_typenames
 *(.debug_typenames)

.debug_varnames
 *(.debug_varnames)

.debug_pubtypes
 *(.debug_pubtypes)

.debug_ranges   0x0000000000000000      0x1f0
 *(.debug_ranges)
 .debug_ranges  0x0000000000000000      0x1f0 C:\Users\dirkm\AppData\Local\Temp\hank_2021.elf.LjvbYr.ltrans0.ltrans.o

.debug_macro
 *(.debug_macro)

.debug_addr
 *(.debug_addr)

.gnu.attributes
 *(.gnu.attributes)

/DISCARD/
 *(.note.GNU-stack)
 *(.gnu_debuglink)
 *(.gnu.lto_*)
OUTPUT(bin/hank_2021.elf elf32-m68k)
