
Memory Configuration

Name             Origin             Length             Attributes
*default*        0x0000000000000000 0xffffffffffffffff

Linker script and memory map

Address of section .text set to 0x0
LOAD C:\Users\dirkm\AppData\Local\Temp\hank_2021.elf.80DJ8D.ltrans0.ltrans.o
LOAD C:\Users\dirkm\AppData\Local\Temp\ccAxBj2K.debug.temp.o
LOAD C:\Users\dirkm\AppData\Local\Temp\cc8Qs01n.debug.temp.o
LOAD obj/gcc8_a_support.o
LOAD obj/depacker_doynax.o
                [!provide]                        PROVIDE (__executable_start = SEGMENT_START ("text-segment", 0x80000000))
                0x0000000080000074                . = (SEGMENT_START ("text-segment", 0x80000000) + SIZEOF_HEADERS)

.interp
 *(.interp)

.note.gnu.build-id
 *(.note.gnu.build-id)

.hash
 *(.hash)

.gnu.hash
 *(.gnu.hash)

.dynsym
 *(.dynsym)

.dynstr
 *(.dynstr)

.gnu.version
 *(.gnu.version)

.gnu.version_d
 *(.gnu.version_d)

.gnu.version_r
 *(.gnu.version_r)

.rela.dyn       0x0000000080000074        0x0
 *(.rela.init)
 *(.rela.text .rela.text.* .rela.gnu.linkonce.t.*)
 *(.rela.fini)
 *(.rela.rodata .rela.rodata.* .rela.gnu.linkonce.r.*)
 *(.rela.data .rela.data.* .rela.gnu.linkonce.d.*)
 *(.rela.tdata .rela.tdata.* .rela.gnu.linkonce.td.*)
 *(.rela.tbss .rela.tbss.* .rela.gnu.linkonce.tb.*)
 *(.rela.ctors)
 *(.rela.dtors)
 *(.rela.got)
 *(.rela.bss .rela.bss.* .rela.gnu.linkonce.b.*)
                [!provide]                        PROVIDE (__rela_iplt_start = .)
 *(.rela.iplt)
                [!provide]                        PROVIDE (__rela_iplt_end = .)

.rela.plt
 *(.rela.plt)

.init
 *(SORT_NONE(.init))

.plt
 *(.plt)

.iplt
 *(.iplt)

.text           0x0000000000000000     0x14fa
 *(.text.unlikely .text.*_unlikely .text.unlikely.*)
 .text.unlikely
                0x0000000000000000       0x74 C:\Users\dirkm\AppData\Local\Temp\hank_2021.elf.80DJ8D.ltrans0.ltrans.o
                0x0000000000000000                _start
 *(.text.exit .text.exit.*)
 *(.text.startup .text.startup.*)
 .text.startup  0x0000000000000074      0xf88 C:\Users\dirkm\AppData\Local\Temp\hank_2021.elf.80DJ8D.ltrans0.ltrans.o
                0x0000000000000074                main
 *(.text.hot .text.hot.*)
 *(SORT_BY_NAME(.text.sorted.*))
 *(.text .stub .text.* .gnu.linkonce.t.*)
 .text          0x0000000000000ffc      0x320 C:\Users\dirkm\AppData\Local\Temp\hank_2021.elf.80DJ8D.ltrans0.ltrans.o
                0x00000000000010f6                strlen
                0x000000000000110a                memset
                0x00000000000011d8                memcpy
                0x0000000000001264                memmove
 .text          0x000000000000131c      0x10c obj/gcc8_a_support.o
                0x000000000000131c                __mulsi3
                0x000000000000133e                __udivsi3
                0x000000000000139a                __divsi3
                0x00000000000013c4                __modsi3
                0x00000000000013ec                __umodsi3
                0x0000000000001416                KPutCharX
                0x0000000000001424                PutChar
 .text          0x0000000000001428       0xd2 obj/depacker_doynax.o
                0x0000000000001428                _doynaxdepack_asm
 *(.gnu.warning)

.fini
 *(SORT_NONE(.fini))
                [!provide]                        PROVIDE (__etext = .)
                [!provide]                        PROVIDE (_etext = .)
                [!provide]                        PROVIDE (etext = .)

.rodata         0x00000000000014fa     0x1d7a
 *(.rodata .rodata.* .gnu.linkonce.r.*)
 .rodata        0x00000000000014fa     0x1d7a C:\Users\dirkm\AppData\Local\Temp\hank_2021.elf.80DJ8D.ltrans0.ltrans.o
                0x00000000000014fa                incbin_player_start
                0x0000000000002e60                incbin_player_end

.rodata1
 *(.rodata1)

.eh_frame_hdr
 *(.eh_frame_hdr)
 *(.eh_frame_entry .eh_frame_entry.*)

.eh_frame
 *(.eh_frame)
 *(.eh_frame.*)

.gcc_except_table
 *(.gcc_except_table .gcc_except_table.*)

.gnu_extab
 *(.gnu_extab*)

.exception_ranges
 *(.exception_ranges*)
                0x0000000000005274                . = DATA_SEGMENT_ALIGN (CONSTANT (MAXPAGESIZE), CONSTANT (COMMONPAGESIZE))

.eh_frame
 *(.eh_frame)
 *(.eh_frame.*)

.gnu_extab
 *(.gnu_extab)

.gcc_except_table
 *(.gcc_except_table .gcc_except_table.*)

.exception_ranges
 *(.exception_ranges*)

.tdata          0x0000000000005274        0x0
                [!provide]                        PROVIDE (__tdata_start = .)
 *(.tdata .tdata.* .gnu.linkonce.td.*)

.tbss
 *(.tbss .tbss.* .gnu.linkonce.tb.*)
 *(.tcommon)

.preinit_array  0x0000000000005274        0x0
                0x0000000000005274                PROVIDE (__preinit_array_start = .)
 *(.preinit_array)
                0x0000000000005274                PROVIDE (__preinit_array_end = .)

.init_array     0x0000000000005274        0x0
                0x0000000000005274                PROVIDE (__init_array_start = .)
 *(SORT_BY_INIT_PRIORITY(.init_array.*) SORT_BY_INIT_PRIORITY(.ctors.*))
 *(.init_array EXCLUDE_FILE(*crtend?.o *crtend.o *crtbegin?.o *crtbegin.o) .ctors)
                0x0000000000005274                PROVIDE (__init_array_end = .)

.fini_array     0x0000000000005274        0x0
                0x0000000000005274                PROVIDE (__fini_array_start = .)
 *(SORT_BY_INIT_PRIORITY(.fini_array.*) SORT_BY_INIT_PRIORITY(.dtors.*))
 *(.fini_array EXCLUDE_FILE(*crtend?.o *crtend.o *crtbegin?.o *crtbegin.o) .dtors)
                0x0000000000005274                PROVIDE (__fini_array_end = .)

.ctors
 *crtbegin.o(.ctors)
 *crtbegin?.o(.ctors)
 *(EXCLUDE_FILE(*crtend?.o *crtend.o) .ctors)
 *(SORT_BY_NAME(.ctors.*))
 *(.ctors)

.dtors
 *crtbegin.o(.dtors)
 *crtbegin?.o(.dtors)
 *(EXCLUDE_FILE(*crtend?.o *crtend.o) .dtors)
 *(SORT_BY_NAME(.dtors.*))
 *(.dtors)

.jcr
 *(.jcr)

.data.rel.ro
 *(.data.rel.ro.local* .gnu.linkonce.d.rel.ro.local.*)
 *(.data.rel.ro .data.rel.ro.* .gnu.linkonce.d.rel.ro.*)

.dynamic
 *(.dynamic)
                0x0000000000005274                . = DATA_SEGMENT_RELRO_END (., 0x0)

.got
 *(.got.plt)
 *(.igot.plt)
 *(.got)
 *(.igot)

.data           0x0000000000005274      0x108
 *(.data .data.* .gnu.linkonce.d.*)
 .data          0x0000000000005274      0x106 C:\Users\dirkm\AppData\Local\Temp\hank_2021.elf.80DJ8D.ltrans0.ltrans.o
 *fill*         0x000000000000537a        0x2 
 .data          0x000000000000537c        0x0 obj/gcc8_a_support.o
 .data          0x000000000000537c        0x0 obj/depacker_doynax.o

.INCBIN.MEMF_CHIP
                0x000000000000537c    0x183cb
 .INCBIN.MEMF_CHIP
                0x000000000000537c    0x183cb C:\Users\dirkm\AppData\Local\Temp\hank_2021.elf.80DJ8D.ltrans0.ltrans.o
                0x000000000000537c                incbin_BmpLogoP_start
                0x000000000000843c                incbin_BmpLogoP_end
                0x000000000000843e                incbin_BmpFont32P_start
                0x000000000000fc3e                incbin_BmpFont32P_end
                0x000000000000fc40                incbin_BmpCookieP_start
                0x0000000000017440                incbin_BmpCookieP_end
                0x0000000000017442                incbin_BmpCookieMaskP_start
                0x0000000000019c42                incbin_BmpCookieMaskP_end
                0x0000000000019c44                incbin_module_start
                0x000000000001d746                incbin_module_end

.data1
 *(.data1)
                0x000000000001d747                _edata = .
                [!provide]                        PROVIDE (edata = .)
                0x000000000001d747                . = .
                0x000000000001d747                __bss_start = .

.bss            0x000000000001d748       0x40
 *(.dynbss)
 *(.bss .bss.* .gnu.linkonce.b.*)
 .bss           0x000000000001d748       0x3e C:\Users\dirkm\AppData\Local\Temp\hank_2021.elf.80DJ8D.ltrans0.ltrans.o
 *fill*         0x000000000001d786        0x2 
 .bss           0x000000000001d788        0x0 obj/gcc8_a_support.o
 .bss           0x000000000001d788        0x0 obj/depacker_doynax.o
 *(COMMON)
                0x000000000001d788                . = ALIGN ((. != 0x0)?0x4:0x1)
                0x000000000001d788                . = ALIGN (0x4)
                0x000000000001d788                . = SEGMENT_START ("ldata-segment", .)
                0x000000000001d788                . = ALIGN (0x4)
                0x000000000001d788                _end = .
                [!provide]                        PROVIDE (end = .)
                0x000000000001d788                . = DATA_SEGMENT_END (.)

.stab
 *(.stab)

.stabstr
 *(.stabstr)

.stab.excl
 *(.stab.excl)

.stab.exclstr
 *(.stab.exclstr)

.stab.index
 *(.stab.index)

.stab.indexstr
 *(.stab.indexstr)

.comment        0x0000000000000000       0x12
 *(.comment)
 .comment       0x0000000000000000       0x12 C:\Users\dirkm\AppData\Local\Temp\hank_2021.elf.80DJ8D.ltrans0.ltrans.o
                                         0x13 (size before relaxing)
 .comment       0x0000000000000012       0x13 C:\Users\dirkm\AppData\Local\Temp\ccAxBj2K.debug.temp.o
 .comment       0x0000000000000012       0x13 C:\Users\dirkm\AppData\Local\Temp\cc8Qs01n.debug.temp.o

.gnu.build.attributes
 *(.gnu.build.attributes .gnu.build.attributes.*)

.debug
 *(.debug)

.line
 *(.line)

.debug_srcinfo
 *(.debug_srcinfo)

.debug_sfnames
 *(.debug_sfnames)

.debug_aranges  0x0000000000000000       0x70
 *(.debug_aranges)
 .debug_aranges
                0x0000000000000000       0x30 C:\Users\dirkm\AppData\Local\Temp\hank_2021.elf.80DJ8D.ltrans0.ltrans.o
 .debug_aranges
                0x0000000000000030       0x20 obj/gcc8_a_support.o
 .debug_aranges
                0x0000000000000050       0x20 obj/depacker_doynax.o

.debug_pubnames
 *(.debug_pubnames)

.debug_info     0x0000000000000000     0x704a
 *(.debug_info .gnu.linkonce.wi.*)
 .debug_info    0x0000000000000000     0x14dd C:\Users\dirkm\AppData\Local\Temp\hank_2021.elf.80DJ8D.ltrans0.ltrans.o
 .debug_info    0x00000000000014dd     0x4e6b C:\Users\dirkm\AppData\Local\Temp\ccAxBj2K.debug.temp.o
                0x00000000000014dd                main.c.9f0b6f27
 .debug_info    0x0000000000006348      0xcb6 C:\Users\dirkm\AppData\Local\Temp\cc8Qs01n.debug.temp.o
                0x0000000000006348                gcc8_c_support.c.cf7a2c2b
 .debug_info    0x0000000000006ffe       0x26 obj/gcc8_a_support.o
 .debug_info    0x0000000000007024       0x26 obj/depacker_doynax.o

.debug_abbrev   0x0000000000000000      0x6a1
 *(.debug_abbrev)
 .debug_abbrev  0x0000000000000000      0x189 C:\Users\dirkm\AppData\Local\Temp\hank_2021.elf.80DJ8D.ltrans0.ltrans.o
 .debug_abbrev  0x0000000000000189      0x321 C:\Users\dirkm\AppData\Local\Temp\ccAxBj2K.debug.temp.o
 .debug_abbrev  0x00000000000004aa      0x1cf C:\Users\dirkm\AppData\Local\Temp\cc8Qs01n.debug.temp.o
 .debug_abbrev  0x0000000000000679       0x14 obj/gcc8_a_support.o
 .debug_abbrev  0x000000000000068d       0x14 obj/depacker_doynax.o

.debug_line     0x0000000000000000     0x48f8
 *(.debug_line .debug_line.* .debug_line_end)
 .debug_line    0x0000000000000000     0x4114 C:\Users\dirkm\AppData\Local\Temp\hank_2021.elf.80DJ8D.ltrans0.ltrans.o
 .debug_line    0x0000000000004114      0x4e5 C:\Users\dirkm\AppData\Local\Temp\ccAxBj2K.debug.temp.o
 .debug_line    0x00000000000045f9      0x15f C:\Users\dirkm\AppData\Local\Temp\cc8Qs01n.debug.temp.o
 .debug_line    0x0000000000004758       0xe1 obj/gcc8_a_support.o
 .debug_line    0x0000000000004839       0xbf obj/depacker_doynax.o

.debug_frame    0x0000000000000000      0x2a4
 *(.debug_frame)
 .debug_frame   0x0000000000000000      0x1d8 C:\Users\dirkm\AppData\Local\Temp\hank_2021.elf.80DJ8D.ltrans0.ltrans.o
 .debug_frame   0x00000000000001d8       0xcc obj/gcc8_a_support.o

.debug_str      0x0000000000000000      0x2df
 *(.debug_str)
 .debug_str     0x0000000000000000        0x0 C:\Users\dirkm\AppData\Local\Temp\hank_2021.elf.80DJ8D.ltrans0.ltrans.o
 .debug_str     0x0000000000000000      0x1a2 C:\Users\dirkm\AppData\Local\Temp\ccAxBj2K.debug.temp.o
 .debug_str     0x00000000000001a2       0x80 C:\Users\dirkm\AppData\Local\Temp\cc8Qs01n.debug.temp.o
 .debug_str     0x0000000000000222       0x7a obj/gcc8_a_support.o
 .debug_str     0x000000000000029c       0x43 obj/depacker_doynax.o
                                         0x7b (size before relaxing)

.debug_loc      0x0000000000000000     0x1f93
 *(.debug_loc)
 .debug_loc     0x0000000000000000     0x1f93 C:\Users\dirkm\AppData\Local\Temp\hank_2021.elf.80DJ8D.ltrans0.ltrans.o

.debug_macinfo
 *(.debug_macinfo)

.debug_weaknames
 *(.debug_weaknames)

.debug_funcnames
 *(.debug_funcnames)

.debug_typenames
 *(.debug_typenames)

.debug_varnames
 *(.debug_varnames)

.debug_pubtypes
 *(.debug_pubtypes)

.debug_ranges   0x0000000000000000      0x3c8
 *(.debug_ranges)
 .debug_ranges  0x0000000000000000      0x3c8 C:\Users\dirkm\AppData\Local\Temp\hank_2021.elf.80DJ8D.ltrans0.ltrans.o

.debug_macro
 *(.debug_macro)

.debug_addr
 *(.debug_addr)

.gnu.attributes
 *(.gnu.attributes)

/DISCARD/
 *(.note.GNU-stack)
 *(.gnu_debuglink)
 *(.gnu.lto_*)
OUTPUT(bin/hank_2021.elf elf32-m68k)
